[debug] [2026-09-13T06:36:30.123Z] ----------------------------------------------------------------------
[debug] [2026-09-13T06:36:30.128Z] Command:       C:\Program Files\nodejs\node.exe C:\Users\Abdul Kabeer\AppData\Roaming\npm\node_modules\firebase-tools\lib\bin\firebase.js projects:list --json
[debug] [2026-09-13T06:36:30.128Z] CLI Version:   13.10.2
[debug] [2026-09-13T06:36:30.129Z] Platform:      win32
[debug] [2026-09-13T06:36:30.129Z] Node Version:  v20.14.0
[debug] [2026-09-13T06:36:30.130Z] Time:          Sun Sep 13 2026 11:36:30 GMT+0500 (Pakistan Standard Time)
[debug] [2026-09-13T06:36:30.130Z] ----------------------------------------------------------------------
[debug] 
[debug] [2026-09-13T06:36:30.137Z] >>> [apiv2][query] GET https://firebase-public.firebaseio.com/cli.json [none]
[debug] [2026-09-13T06:36:30.227Z] > command requires scopes: ["email","openid","https://www.googleapis.com/auth/cloudplatformprojects.readonly","https://www.googleapis.com/auth/firebase","https://www.googleapis.com/auth/cloud-platform"]
[debug] [2026-09-13T06:36:30.228Z] > authorizing via signed-in user (a.kabeer1991@gmail.com)
[debug] [2026-09-13T06:36:30.232Z] > refreshing access token with scopes: []
[debug] [2026-09-13T06:36:30.234Z] >>> [apiv2][query] POST https://www.googleapis.com/oauth2/v3/token [none]
[debug] [2026-09-13T06:36:30.234Z] >>> [apiv2][body] POST https://www.googleapis.com/oauth2/v3/token [omitted]
[debug] [2026-09-13T06:36:30.635Z] <<< [apiv2][status] POST https://www.googleapis.com/oauth2/v3/token 400
[debug] [2026-09-13T06:36:30.636Z] <<< [apiv2][body] POST https://www.googleapis.com/oauth2/v3/token [omitted]
[debug] [2026-09-13T06:36:30.641Z] >>> [apiv2][query] GET https://firebase.googleapis.com/v1beta1/projects pageSize=1000
[debug] [2026-09-13T06:36:30.868Z] <<< [apiv2][status] GET https://firebase-public.firebaseio.com/cli.json 200
[debug] [2026-09-13T06:36:30.869Z] <<< [apiv2][body] GET https://firebase-public.firebaseio.com/cli.json {"cloudBuildErrorAfter":1594252800000,"cloudBuildWarnAfter":1590019200000,"defaultNode10After":1594252800000,"minVersion":"3.0.5","node8DeploysDisabledAfter":1613390400000,"node8RuntimeDisabledAfter":1615809600000,"node8WarnAfter":1600128000000}
[debug] [2026-09-13T06:36:30.978Z] <<< [apiv2][status] GET https://firebase.googleapis.com/v1beta1/projects 401
[debug] [2026-09-13T06:36:30.979Z] <<< [apiv2][body] GET https://firebase.googleapis.com/v1beta1/projects [omitted]
[debug] [2026-09-13T06:36:30.982Z] HTTP Error: 401, Request had invalid authentication credentials. Expected OAuth 2 access token, login cookie or other valid authentication credential. See https://developers.google.com/identity/sign-in/web/devconsole-project.
[debug] [2026-09-13T06:36:31.318Z] FirebaseError: HTTP Error: 401, Request had invalid authentication credentials. Expected OAuth 2 access token, login cookie or other valid authentication credential. See https://developers.google.com/identity/sign-in/web/devconsole-project.
    at responseToError (C:\Users\Abdul Kabeer\AppData\Roaming\npm\node_modules\firebase-tools\lib\responseToError.js:49:12)
    at RetryOperation._fn (C:\Users\Abdul Kabeer\AppData\Roaming\npm\node_modules\firebase-tools\lib\apiv2.js:305:77)
    at process.processTicksAndRejections (node:internal/process/task_queues:95:5)
[error] 
[error] Error: Failed to list Firebase projects. See firebase-debug.log for more info.
[debug] [2026-09-13T06:38:45.785Z] ----------------------------------------------------------------------
[debug] [2026-09-13T06:38:45.789Z] Command:       C:\Program Files\nodejs\node.exe C:\Users\Abdul Kabeer\AppData\Roaming\npm\node_modules\firebase-tools\lib\bin\firebase.js projects:create qaza-namaz --json
[debug] [2026-09-13T06:38:45.789Z] CLI Version:   13.10.2
[debug] [2026-09-13T06:38:45.790Z] Platform:      win32
[debug] [2026-09-13T06:38:45.790Z] Node Version:  v20.14.0
[debug] [2026-09-13T06:38:45.790Z] Time:          Sun Sep 13 2026 11:38:45 GMT+0500 (Pakistan Standard Time)
[debug] [2026-09-13T06:38:45.790Z] ----------------------------------------------------------------------
[debug] 
[debug] [2026-09-13T06:38:45.806Z] > command requires scopes: ["email","openid","https://www.googleapis.com/auth/cloudplatformprojects.readonly","https://www.googleapis.com/auth/firebase","https://www.googleapis.com/auth/cloud-platform"]
[debug] [2026-09-13T06:38:45.807Z] > authorizing via signed-in user (a.kabeer1991@gmail.com)
[debug] [2026-09-13T06:38:45.814Z] > refreshing access token with scopes: []
[debug] [2026-09-13T06:38:45.817Z] >>> [apiv2][query] POST https://www.googleapis.com/oauth2/v3/token [none]
[debug] [2026-09-13T06:38:45.817Z] >>> [apiv2][body] POST https://www.googleapis.com/oauth2/v3/token [omitted]
[debug] [2026-09-13T06:38:46.270Z] <<< [apiv2][status] POST https://www.googleapis.com/oauth2/v3/token 400
[debug] [2026-09-13T06:38:46.272Z] <<< [apiv2][body] POST https://www.googleapis.com/oauth2/v3/token [omitted]
[debug] [2026-09-13T06:38:46.274Z] >>> [apiv2][query] POST https://cloudresourcemanager.googleapis.com/v1/projects [none]
[debug] [2026-09-13T06:38:46.275Z] >>> [apiv2][body] POST https://cloudresourcemanager.googleapis.com/v1/projects {"projectId":"qaza-namaz","name":"qaza-namaz"}
[debug] [2026-09-13T06:38:47.769Z] <<< [apiv2][status] POST https://cloudresourcemanager.googleapis.com/v1/projects 401
[debug] [2026-09-13T06:38:47.770Z] <<< [apiv2][body] POST https://cloudresourcemanager.googleapis.com/v1/projects {"error":{"code":401,"message":"Request had invalid authentication credentials. Expected OAuth 2 access token, login cookie or other valid authentication credential. See https://developers.google.com/identity/sign-in/web/devconsole-project.","status":"UNAUTHENTICATED","details":[{"@type":"type.googleapis.com/google.rpc.ErrorInfo","reason":"ACCESS_TOKEN_TYPE_UNSUPPORTED","metadata":{"method":"google.cloudresourcemanager.v1.Projects.CreateProject","service":"cloudresourcemanager.googleapis.com"}}]}}
[debug] [2026-09-13T06:38:48.086Z] FirebaseError: HTTP Error: 401, Request had invalid authentication credentials. Expected OAuth 2 access token, login cookie or other valid authentication credential. See https://developers.google.com/identity/sign-in/web/devconsole-project.
    at responseToError (C:\Users\Abdul Kabeer\AppData\Roaming\npm\node_modules\firebase-tools\lib\responseToError.js:49:12)
    at RetryOperation._fn (C:\Users\Abdul Kabeer\AppData\Roaming\npm\node_modules\firebase-tools\lib\apiv2.js:305:77)
    at process.processTicksAndRejections (node:internal/process/task_queues:95:5)
[error] 
[error] Error: Failed to create project. See firebase-debug.log for more info.
